apiVersion: v1
kind: Service
metadata:
  creationTimestamp: "2020-03-03T01:43:04Z"
  labels:
    mesh: helloworld
    role: ingress-svc
  name: helloworld
  namespace: default
  ownerReferences:
  - apiVersion: mm.ibm.istio.io/v1
    kind: ServiceBinding
    name: helloworld
    uid: 4d7b30be-5cf0-11ea-bca4-be6eb315559a
  resourceVersion: "53784705"
  selfLink: /api/v1/namespaces/default/services/helloworld
  uid: 534c0f36-5cf0-11ea-bca4-be6eb315559a
spec:
  clusterIP: 172.21.3.71
  ports:
  - name: http
    port: 5000
    protocol: TCP
    targetPort: 5000
  sessionAffinity: None
  type: ClusterIP
status:
  loadBalancer: {}
