apiVersion: mm.ibm.istio.io/v1
kind: ServiceBinding
metadata:
  annotations:
    kubectl.kubernetes.io/last-applied-configuration: |
      {"apiVersion":"mm.ibm.istio.io/v1","kind":"ServiceBinding","metadata":{"annotations":{},"name":"helloworld","namespace":"default"},"spec":{"endpoints":["169.62.214.226:15443"],"mesh_fed_config_selector":{"fed-config":"passthrough"},"name":"helloworld","namespace":"default","port":5000}}
  creationTimestamp: "2020-03-03T01:42:55Z"
  finalizers:
  - mm.ibm.istio.io
  generation: 1
  name: helloworld
  namespace: default
  resourceVersion: "53784701"
  selfLink: /apis/mm.ibm.istio.io/v1/namespaces/default/servicebindings/helloworld
  uid: 4d7b30be-5cf0-11ea-bca4-be6eb315559a
spec:
  endpoints:
  - 169.62.214.226:15443
  mesh_fed_config_selector:
    fed-config: passthrough
  name: helloworld
  namespace: default
  port: 5000
status: {}
